[2025-12-06T18:02:57.039Z] Γä╣∩╕Å Starting Comprehensive Failure-Based Testing
[2025-12-06T18:02:57.041Z] Γä╣∩╕Å ============================================================
[2025-12-06T18:02:57.041Z] Γä╣∩╕Å 
≡ƒôï TEST SUITE 1: Multiple Session Creation
[2025-12-06T18:02:57.753Z] Γ£à Create 5 sessions concurrently
[2025-12-06T18:02:57.753Z] Γä╣∩╕Å 
≡ƒôï TEST SUITE 2: Duplicate Session Handling
[2025-12-06T18:02:57.772Z] Γ£à Reject duplicate session
[2025-12-06T18:02:57.772Z] Γä╣∩╕Å 
≡ƒôï TEST SUITE 3: Message Send/Receive
[2025-12-06T18:03:02.797Z] Γ¥î Send and receive message: Connection timeout
[2025-12-06T18:03:02.798Z] Γä╣∩╕Å 
≡ƒôï TEST SUITE 4: Session Isolation
[2025-12-06T18:03:07.839Z] Γ¥î Session isolation: Connection timeout
[2025-12-06T18:03:07.839Z] Γä╣∩╕Å 
≡ƒôï TEST SUITE 5: Crash Isolation
[2025-12-06T18:03:12.879Z] Γ¥î Crash isolation: Connection timeout
[2025-12-06T18:03:12.879Z] Γä╣∩╕Å 
≡ƒôï TEST SUITE 6: Authentication Failures
[2025-12-06T18:03:17.898Z] Γ£à Reject invalid password
[2025-12-06T18:03:17.899Z] Γä╣∩╕Å 
≡ƒôï TEST SUITE 7: Non-existent Session
[2025-12-06T18:03:22.902Z] Γ£à Reject non-existent session
[2025-12-06T18:03:22.903Z] Γä╣∩╕Å 
≡ƒôï TEST SUITE 8: High Load Testing
[2025-12-06T18:03:27.930Z] Γ¥î High load test: Connection timeout
[2025-12-06T18:03:27.930Z] Γä╣∩╕Å 
≡ƒôï TEST SUITE 9: Reconnection Handling
[2025-12-06T18:03:32.956Z] Γ¥î Client reconnection: Connection timeout
[2025-12-06T18:03:32.956Z] Γä╣∩╕Å 
≡ƒôï TEST SUITE 10: FCM Token Registration
[2025-12-06T18:03:37.982Z] Γ¥î FCM token registration: Connection timeout
[2025-12-06T18:03:37.982Z] Γä╣∩╕Å 
============================================================
[2025-12-06T18:03:37.982Z] Γä╣∩╕Å TEST RESULTS SUMMARY
[2025-12-06T18:03:37.982Z] Γä╣∩╕Å ============================================================
[2025-12-06T18:03:37.982Z] Γä╣∩╕Å Total Tests: 10
[2025-12-06T18:03:37.982Z] Γ£à Passed: 4
[2025-12-06T18:03:37.982Z] Γ¥î Failed: 6
[2025-12-06T18:03:37.982Z] Γä╣∩╕Å Success Rate: 40.00%
[2025-12-06T18:03:37.982Z] ΓÜá∩╕Å 
Failed Tests:
[2025-12-06T18:03:37.982Z] Γ¥î   - Send and receive message: Connection timeout
[2025-12-06T18:03:37.982Z] Γ¥î   - Session isolation: Connection timeout
[2025-12-06T18:03:37.982Z] Γ¥î   - Crash isolation: Connection timeout
[2025-12-06T18:03:37.982Z] Γ¥î   - High load test: Connection timeout
[2025-12-06T18:03:37.982Z] Γ¥î   - Client reconnection: Connection timeout
[2025-12-06T18:03:37.982Z] Γ¥î   - FCM token registration: Connection timeout
[2025-12-06T18:03:37.982Z] Γä╣∩╕Å 
Γ£à Testing Complete!
